// Jest Snapshot v1, https://goo.gl/fbAQLP

exports[`handleAuthorizationCodeGrant should resolve 1`] = `
Object {
  "accessToken": "jwt.jwt.jwt",
  "expiresIn": 999,
  "scope": Array [
    "address",
    "email",
    "offline_access",
    "openid",
    "phone",
    "profile",
  ],
  "tokenType": "Bearer",
}
`;
