// Jest Snapshot v1, https://goo.gl/fbAQLP

exports[`getIdentifierUserinfo should resolve 1`] = `
{
  "connectedProviders": [
    "https://one.com",
    "https://two.com",
  ],
  "email": "two@lindorm.io",
  "emailVerified": true,
  "phoneNumber": "+46701000002",
  "phoneNumberVerified": false,
}
`;

exports[`getIdentifierUserinfo should resolve data on caught error 1`] = `
{
  "connectedProviders": [],
  "email": null,
  "emailVerified": false,
  "phoneNumber": null,
  "phoneNumberVerified": false,
}
`;

exports[`getIdentifierUserinfo should resolve data on empty array 1`] = `
{
  "connectedProviders": [],
  "email": null,
  "emailVerified": false,
  "phoneNumber": null,
  "phoneNumberVerified": false,
}
`;
