// Jest Snapshot v1, https://goo.gl/fbAQLP

exports[`acknowledgeLoginController should resolve 1`] = `
Object {
  "body": Object {
    "authenticationSessionId": "333c59d9-22f8-4165-9b72-7065495c609a",
    "codeVerifier": "V7XirRnXhmIeWmzT5BOx8RERym3bzSW6",
    "expires": 2022-01-01T08:30:00.000Z,
  },
}
`;
