// Jest Snapshot v1, https://goo.gl/fbAQLP

exports[`getIdentityUserinfo should resolve 1`] = `
{
  "active": true,
  "claims": {
    "address": {
      "careOf": "careOf",
      "country": "country",
      "formatted": "streetAddress1
streetAddress2
postalCode locality
region
country",
      "locality": "locality",
      "postalCode": "postalCode",
      "region": "region",
      "streetAddress": "streetAddress1
streetAddress2",
    },
    "birthDate": "2000-01-01",
    "displayName": "displayName#8441",
    "email": "test@lindorm.io",
    "emailVerified": true,
    "familyName": "familyName",
    "gender": "gender",
    "givenName": "givenName",
    "gravatarUri": "https://gravatar.url/",
    "locale": "sv-SE",
    "middleName": "middleName",
    "name": "givenName familyName",
    "nickname": "nickname",
    "phoneNumber": "+46705498721",
    "phoneNumberVerified": true,
    "picture": "https://picture.url/",
    "preferredAccessibility": [
      "setting1",
      "setting2",
      "setting3",
    ],
    "preferredUsername": "username",
    "profile": "https://profile.url/",
    "pronouns": "she/her",
    "socialSecurityNumber": "198056702895",
    "sub": "d821cde6-250f-4918-ad55-877a7abf0271",
    "updatedAt": 1609488000,
    "username": "identityUsername",
    "website": "https://website.url/",
    "zoneInfo": "Europe/Stockholm",
  },
  "permissions": [
    "user",
  ],
}
`;
