// Jest Snapshot v1, https://goo.gl/fbAQLP

exports[`sessioninfoController should resolve 1`] = `
{
  "body": {
    "browserSessions": [
      {
        "clients": [
          "343d2d9b-2cf5-4dd3-afd4-fed8890e965a",
          "dfa00361-05bb-4cfd-9e51-4d7542079930",
        ],
        "expires": 2021-04-01T08:00:00.000Z,
        "levelOfAssurance": 2,
        "remember": true,
      },
      {
        "clients": [
          "77c7554a-199f-4fce-bacb-835dc6d96a44",
        ],
        "expires": 2021-04-01T08:00:00.000Z,
        "levelOfAssurance": 2,
        "remember": true,
      },
    ],
    "clients": [
      {
        "description": "Client description",
        "id": "343d2d9b-2cf5-4dd3-afd4-fed8890e965a",
        "name": "343d2d9b",
      },
      {
        "description": "Client description",
        "id": "dfa00361-05bb-4cfd-9e51-4d7542079930",
        "name": "dfa00361",
      },
      {
        "description": "Client description",
        "id": "77c7554a-199f-4fce-bacb-835dc6d96a44",
        "name": "77c7554a",
      },
      {
        "description": "Client description",
        "id": "68fc5e90-1259-49c0-acf9-542d039e4d09",
        "name": "68fc5e90",
      },
    ],
    "consentSessions": [
      {
        "clientId": "343d2d9b-2cf5-4dd3-afd4-fed8890e965a",
        "scopes": [
          "openid",
          "email",
          "profile",
        ],
      },
      {
        "clientId": "dfa00361-05bb-4cfd-9e51-4d7542079930",
        "scopes": [
          "openid",
          "email",
          "profile",
        ],
      },
      {
        "clientId": "77c7554a-199f-4fce-bacb-835dc6d96a44",
        "scopes": [
          "openid",
          "email",
          "profile",
        ],
      },
      {
        "clientId": "68fc5e90-1259-49c0-acf9-542d039e4d09",
        "scopes": [
          "openid",
          "email",
          "profile",
        ],
      },
    ],
    "refreshSessions": [
      {
        "clientId": "68fc5e90-1259-49c0-acf9-542d039e4d09",
        "expires": 2021-02-01T08:00:00.000Z,
        "levelOfAssurance": 2,
      },
    ],
  },
}
`;
