// Jest Snapshot v1, https://goo.gl/fbAQLP

exports[`adminTenantController should resolve updated tenant 1`] = `
[
  [
    {
      "active": false,
      "administrators": [
        "0bbfd773-7eed-402b-83f3-916288ff978c",
        "330ae1ab-a858-4234-9f6a-01304be2f577",
      ],
      "created": 2021-01-01T08:00:00.000Z,
      "id": "612edde0-2679-47b1-8fad-d01c8a7570b6",
      "name": "Test Name",
      "owner": "d7dc7f9f-90f8-4853-9695-933bdff59aff",
      "revision": 0,
      "subdomain": "test-name",
      "updated": 2021-01-01T08:00:00.000Z,
      "version": 0,
    },
  ],
]
`;
