// Jest Snapshot v1, https://goo.gl/fbAQLP

exports[`adminClientController should resolve updated client 1`] = `
[
  [
    {
      "active": false,
      "allowed": {
        "grantTypes": [
          "refresh_token",
        ],
        "responseTypes": [
          "token",
        ],
        "scopes": [
          "openid",
        ],
      },
      "audiences": [],
      "created": 2021-01-01T08:00:00.000Z,
      "defaults": {
        "audiences": [],
        "displayMode": "popup",
        "levelOfAssurance": 3,
        "responseMode": "query",
      },
      "description": "Client description",
      "expiry": {
        "accessToken": "99 seconds",
        "idToken": "99 seconds",
        "refreshToken": "99 seconds",
      },
      "host": "https://test.client.lindorm.io",
      "id": "be664120-2430-4050-b56c-fd4176b652d9",
      "logoUri": "https://logo.uri/logo",
      "logoutUri": "https://test.client.lindorm.io/logout/back-channel",
      "name": "ClientName",
      "permissions": [
        "lindorm.io/oauth-service/client/public",
      ],
      "redirectUris": [
        "https://test.client.lindorm.io/redirect",
      ],
      "requiredScopes": [
        "offline_access",
        "openid",
      ],
      "revision": 0,
      "rtbfUri": "https://test.client.lindorm.io/rtbf",
      "scopeDescriptions": [
        {
          "description": "Give the client access to your OpenID claims.",
          "name": "openid",
        },
        {
          "description": "Give the client access to your profile information.",
          "name": "profile",
        },
      ],
      "secret": "$argon2id$v=19$m=2048,t=32,p=2$gMJgh4L58ROHKxfiK12KRWTqX0Nz4xNrNJOZBHOvVYfvlDnnidbIq0iROKGR9Ugkhd0fqXntHZ0",
      "tenant": "d1b90ac7-69a6-4187-92f2-46e9dceccde9",
      "type": "public",
      "updated": 2021-01-01T08:00:00.000Z,
      "version": 0,
    },
  ],
]
`;

exports[`adminClientController should resolve updated client 2`] = `
[
  [
    {
      "active": false,
      "allowed": {
        "grantTypes": [
          "refresh_token",
        ],
        "responseTypes": [
          "token",
        ],
        "scopes": [
          "openid",
        ],
      },
      "audiences": [],
      "created": 2021-01-01T08:00:00.000Z,
      "defaults": {
        "audiences": [],
        "displayMode": "popup",
        "levelOfAssurance": 3,
        "responseMode": "query",
      },
      "description": "Client description",
      "expiry": {
        "accessToken": "99 seconds",
        "idToken": "99 seconds",
        "refreshToken": "99 seconds",
      },
      "host": "https://test.client.lindorm.io",
      "id": "be664120-2430-4050-b56c-fd4176b652d9",
      "logoUri": "https://logo.uri/logo",
      "logoutUri": "https://test.client.lindorm.io/logout/back-channel",
      "name": "ClientName",
      "permissions": [
        "lindorm.io/oauth-service/client/public",
      ],
      "redirectUris": [
        "https://test.client.lindorm.io/redirect",
      ],
      "requiredScopes": [
        "offline_access",
        "openid",
      ],
      "revision": 0,
      "rtbfUri": "https://test.client.lindorm.io/rtbf",
      "scopeDescriptions": [
        {
          "description": "Give the client access to your OpenID claims.",
          "name": "openid",
        },
        {
          "description": "Give the client access to your profile information.",
          "name": "profile",
        },
      ],
      "secret": "$argon2id$v=19$m=2048,t=32,p=2$gMJgh4L58ROHKxfiK12KRWTqX0Nz4xNrNJOZBHOvVYfvlDnnidbIq0iROKGR9Ugkhd0fqXntHZ0",
      "tenant": "d1b90ac7-69a6-4187-92f2-46e9dceccde9",
      "type": "public",
      "updated": 2021-01-01T08:00:00.000Z,
      "version": 0,
    },
  ],
]
`;
