// Jest Snapshot v1, https://goo.gl/fbAQLP

exports[`updateClientController should resolve updated client 1`] = `
Array [
  Array [
    Object {
      "active": true,
      "allowed": Object {
        "grantTypes": Array [
          "authorization_code",
          "client_credentials",
          "refresh_token",
        ],
        "responseTypes": Array [
          "code",
          "id_token",
          "token",
        ],
        "scopes": Array [
          "openid",
          "address",
          "email",
          "phone",
          "profile",
          "accessibility",
          "connected_providers",
          "national_identity_number",
          "social_security_number",
          "username",
          "offline_access",
          "lindorm.io/communication-service/client/event:emit",
          "lindorm.io/communication-service/client/message:send",
          "lindorm.io/device-service/client/identity:read",
          "lindorm.io/device-service/client/rdc:read",
          "lindorm.io/device-service/client/rdc:write",
          "lindorm.io/identity-service/client/identifier:read",
          "lindorm.io/identity-service/client/identifier:write",
          "lindorm.io/identity-service/client/identity:read",
          "lindorm.io/identity-service/client/identity:write",
          "lindorm.io/oauth-service/client/authentication:read",
          "lindorm.io/oauth-service/client/authentication:write",
          "lindorm.io/oauth-service/client/client:read",
          "lindorm.io/oauth-service/client/client:write",
          "lindorm.io/oauth-service/client/consent:read",
          "lindorm.io/oauth-service/client/consent:write",
          "lindorm.io/oauth-service/client/identity:read",
          "lindorm.io/oauth-service/client/identity:write",
          "lindorm.io/oauth-service/client/logout:read",
          "lindorm.io/oauth-service/client/logout:write",
          "lindorm.io/oauth-service/client/tenant:read",
          "lindorm.io/oauth-service/client/tenant:write",
          "lindorm.io/oidc-service/client/session:read",
          "lindorm.io/oidc-service/client/session:write",
          "lindorm.io/vault-service/client/encrypted-record:read",
          "lindorm.io/vault-service/client/encrypted-record:write",
          "lindorm.io/vault-service/client/jwks-private:read",
          "lindorm.io/vault-service/client/protected-record:read",
          "lindorm.io/vault-service/client/protected-record:write",
        ],
      },
      "created": 2021-01-01T08:00:00.000Z,
      "defaults": Object {
        "displayMode": "wap",
        "levelOfAssurance": 1,
        "responseMode": "fragment",
      },
      "description": "new description",
      "expiry": Object {
        "accessToken": "33 seconds",
        "idToken": "44 seconds",
        "refreshToken": "55 seconds",
      },
      "host": "https://new.test.client.com",
      "id": "be664120-2430-4050-b56c-fd4176b652d9",
      "logoUri": "https://new.test.client.com/logo",
      "logoutUri": "https://new.test.client.com/logout",
      "name": "new client",
      "permissions": Array [
        "lindorm.io/authentication-service/client/confidential",
        "lindorm.io/authentication-service/client/public",
        "lindorm.io/communication-service/client/confidential",
        "lindorm.io/communication-service/client/public",
        "lindorm.io/device-service/client/confidential",
        "lindorm.io/device-service/client/public",
        "lindorm.io/identity-service/client/confidential",
        "lindorm.io/identity-service/client/public",
        "lindorm.io/oauth-service/client/confidential",
        "lindorm.io/oauth-service/client/public",
        "lindorm.io/oidc-service/client/confidential",
        "lindorm.io/oidc-service/client/public",
        "lindorm.io/vault-service/client/confidential",
        "lindorm.io/vault-service/client/public",
      ],
      "redirectUris": Array [
        "https://new.test.client.com/redirect",
      ],
      "requiredScopes": Array [
        "openid",
      ],
      "revision": 0,
      "rtbfUri": "https://new.test.client.com/rtbf",
      "scopeDescriptions": Array [
        Object {
          "description": "Give the client access to your OpenID claims.",
          "name": "openid",
        },
      ],
      "secret": "$argon2id$v=19$m=2048,t=32,p=2$gMJgh4L58ROHKxfiK12KRWTqX0Nz4xNrNJOZBHOvVYfvlDnnidbIq0iROKGR9Ugkhd0fqXntHZ0",
      "tenant": "d1b90ac7-69a6-4187-92f2-46e9dceccde9",
      "type": "confidential",
      "updated": 2021-01-01T08:00:00.000Z,
      "version": 1,
    },
  ],
]
`;

exports[`updateClientController should resolve updated client 2`] = `
Array [
  Array [
    Object {
      "active": true,
      "allowed": Object {
        "grantTypes": Array [
          "authorization_code",
          "client_credentials",
          "refresh_token",
        ],
        "responseTypes": Array [
          "code",
          "id_token",
          "token",
        ],
        "scopes": Array [
          "openid",
          "address",
          "email",
          "phone",
          "profile",
          "accessibility",
          "connected_providers",
          "national_identity_number",
          "social_security_number",
          "username",
          "offline_access",
          "lindorm.io/communication-service/client/event:emit",
          "lindorm.io/communication-service/client/message:send",
          "lindorm.io/device-service/client/identity:read",
          "lindorm.io/device-service/client/rdc:read",
          "lindorm.io/device-service/client/rdc:write",
          "lindorm.io/identity-service/client/identifier:read",
          "lindorm.io/identity-service/client/identifier:write",
          "lindorm.io/identity-service/client/identity:read",
          "lindorm.io/identity-service/client/identity:write",
          "lindorm.io/oauth-service/client/authentication:read",
          "lindorm.io/oauth-service/client/authentication:write",
          "lindorm.io/oauth-service/client/client:read",
          "lindorm.io/oauth-service/client/client:write",
          "lindorm.io/oauth-service/client/consent:read",
          "lindorm.io/oauth-service/client/consent:write",
          "lindorm.io/oauth-service/client/identity:read",
          "lindorm.io/oauth-service/client/identity:write",
          "lindorm.io/oauth-service/client/logout:read",
          "lindorm.io/oauth-service/client/logout:write",
          "lindorm.io/oauth-service/client/tenant:read",
          "lindorm.io/oauth-service/client/tenant:write",
          "lindorm.io/oidc-service/client/session:read",
          "lindorm.io/oidc-service/client/session:write",
          "lindorm.io/vault-service/client/encrypted-record:read",
          "lindorm.io/vault-service/client/encrypted-record:write",
          "lindorm.io/vault-service/client/jwks-private:read",
          "lindorm.io/vault-service/client/protected-record:read",
          "lindorm.io/vault-service/client/protected-record:write",
        ],
      },
      "created": 2021-01-01T08:00:00.000Z,
      "defaults": Object {
        "displayMode": "wap",
        "levelOfAssurance": 1,
        "responseMode": "fragment",
      },
      "description": "new description",
      "expiry": Object {
        "accessToken": "33 seconds",
        "idToken": "44 seconds",
        "refreshToken": "55 seconds",
      },
      "host": "https://new.test.client.com",
      "id": "be664120-2430-4050-b56c-fd4176b652d9",
      "logoUri": "https://new.test.client.com/logo",
      "logoutUri": "https://new.test.client.com/logout",
      "name": "new client",
      "permissions": Array [
        "lindorm.io/authentication-service/client/confidential",
        "lindorm.io/authentication-service/client/public",
        "lindorm.io/communication-service/client/confidential",
        "lindorm.io/communication-service/client/public",
        "lindorm.io/device-service/client/confidential",
        "lindorm.io/device-service/client/public",
        "lindorm.io/identity-service/client/confidential",
        "lindorm.io/identity-service/client/public",
        "lindorm.io/oauth-service/client/confidential",
        "lindorm.io/oauth-service/client/public",
        "lindorm.io/oidc-service/client/confidential",
        "lindorm.io/oidc-service/client/public",
        "lindorm.io/vault-service/client/confidential",
        "lindorm.io/vault-service/client/public",
      ],
      "redirectUris": Array [
        "https://new.test.client.com/redirect",
      ],
      "requiredScopes": Array [
        "openid",
      ],
      "revision": 0,
      "rtbfUri": "https://new.test.client.com/rtbf",
      "scopeDescriptions": Array [
        Object {
          "description": "Give the client access to your OpenID claims.",
          "name": "openid",
        },
      ],
      "secret": "$argon2id$v=19$m=2048,t=32,p=2$gMJgh4L58ROHKxfiK12KRWTqX0Nz4xNrNJOZBHOvVYfvlDnnidbIq0iROKGR9Ugkhd0fqXntHZ0",
      "tenant": "d1b90ac7-69a6-4187-92f2-46e9dceccde9",
      "type": "confidential",
      "updated": 2021-01-01T08:00:00.000Z,
      "version": 1,
    },
  ],
]
`;
