// Jest Snapshot v1, https://goo.gl/fbAQLP

exports[`createClientCredentialsToken should create client credentials token 1`] = `
Array [
  Array [
    Object {
      "audiences": Array [
        "dd40c850-07bf-4553-9ad3-6278fce82c24",
      ],
      "expiry": "60 seconds",
      "permissions": Array [
        "lindorm.io/authentication-service/client/confidential",
        "lindorm.io/authentication-service/client/public",
        "lindorm.io/communication-service/client/confidential",
        "lindorm.io/communication-service/client/public",
        "lindorm.io/device-service/client/confidential",
        "lindorm.io/device-service/client/public",
        "lindorm.io/identity-service/client/confidential",
        "lindorm.io/identity-service/client/public",
        "lindorm.io/oauth-service/client/confidential",
        "lindorm.io/oauth-service/client/public",
        "lindorm.io/vault-service/client/confidential",
        "lindorm.io/vault-service/client/public",
      ],
      "scopes": Array [
        "scope1",
        "scope2",
      ],
      "subject": "dd40c850-07bf-4553-9ad3-6278fce82c24",
      "subjectHint": "client",
      "type": "access_token",
    },
  ],
]
`;
