// Jest Snapshot v1, https://goo.gl/fbAQLP

exports[`getLogoutInfoController should resolve 1`] = `
Object {
  "body": Object {
    "client": Object {
      "description": "Client description",
      "logoUri": "https://logo.uri/logo",
      "name": "ClientName",
      "type": "confidential",
    },
    "logoutSession": Object {
      "expiresAt": "2021-01-02T08:00:00.000Z",
      "expiresIn": 86400,
      "id": "09e75ed3-751f-44f8-82ac-bc797250a793",
      "originalUri": "https://localhost/oauth2/sessions/logout?query=query",
    },
    "logoutStatus": "pending",
  },
}
`;
