// Jest Snapshot v1, https://goo.gl/fbAQLP

exports[`updateIdentityController should update identity 1`] = `
Array [
  Array [
    Object {
      "active": true,
      "birthDate": "new-birthDate",
      "created": 2020-01-01T08:00:00.000Z,
      "displayName": Object {
        "name": null,
        "number": null,
      },
      "familyName": "new-familyName",
      "gender": "new-gender",
      "givenName": "new-givenName",
      "gravatarUri": "new-gravatar",
      "id": "identityId",
      "locale": "new-locale",
      "middleName": "new-middleName",
      "namingSystem": "new-namingSystem",
      "nationalIdentityNumber": "new-nationalIdentityNumber",
      "nationalIdentityNumberVerified": true,
      "nickname": "new-nickname",
      "permissions": Array [
        "lindorm.io/any/identity/any:user",
        "lindorm.io/oauth-service/identity/client:read",
        "lindorm.io/oauth-service/identity/client:write",
        "lindorm.io/identity-service/identity/identity:read",
        "lindorm.io/identity-service/identity/identity:write",
        "lindorm.io/oauth-service/identity/tenant:read",
        "lindorm.io/oauth-service/identity/tenant:write",
      ],
      "picture": "new-picture",
      "preferredAccessibility": Array [
        "new-setting",
      ],
      "preferredUsername": "new-username",
      "profile": "new-profile",
      "pronouns": "new-pronouns",
      "revision": 0,
      "socialSecurityNumber": "new-socialSecurityNumber",
      "socialSecurityNumberVerified": true,
      "updated": 2020-01-01T08:00:00.000Z,
      "username": "new-username",
      "version": 0,
      "website": "new-website",
      "zoneInfo": "new-zoneInfo",
    },
  ],
]
`;
