// Jest Snapshot v1, https://goo.gl/fbAQLP

exports[`getConsentInfoController should resolve 1`] = `
Object {
  "body": Object {
    "client": Object {
      "description": "description",
      "logoUri": "https://client.logo.uri/",
      "name": "name",
      "requiredScopes": Array [
        "openid",
        "profile",
      ],
      "scopeDescriptions": Array [
        Object {
          "description": "email-description",
          "name": "email",
        },
        Object {
          "description": "openid-description",
          "name": "openid",
        },
        Object {
          "description": "phone-description",
          "name": "phone",
        },
        Object {
          "description": "profile-description",
          "name": "profile",
        },
      ],
      "type": "public",
    },
    "requested": Object {
      "audiences": Array [
        "1ea69be9-7857-420f-b4ef-1eb59e106189",
      ],
      "scopes": Array [
        "email",
        "openid",
        "phone",
        "profile",
      ],
    },
  },
}
`;
