// Jest Snapshot v1, https://goo.gl/fbAQLP

exports[`getConsentInfoController should resolve 1`] = `
Object {
  "body": Object {
    "client": Object {
      "description": "description",
      "logoUri": "https://client.logo.uri/",
      "name": "name",
      "requiredScopes": Array [
        "openid",
        "email",
      ],
      "scopeDescriptions": Array [
        Object {
          "description": "email-description",
          "name": "email",
        },
      ],
      "type": "public",
    },
    "scopes": Array [
      "openid",
      "email",
    ],
  },
}
`;
